#-----------------------------------------------------------
# Vivado v2018.3 (64-bit)
# SW Build 2405991 on Thu Dec  6 23:38:27 MST 2018
# IP Build 2404404 on Fri Dec  7 01:43:56 MST 2018
# Start of session at: Wed Oct 27 16:25:59 2021
# Process ID: 11164
# Current directory: D:/CODES/vivado/Project3-1
# Command line: vivado.exe -gui_launcher_event rodinguilauncherevent17564 D:\CODES\vivado\Project3-1\Project3-1.xpr
# Log file: D:/CODES/vivado/Project3-1/vivado.log
# Journal file: D:/CODES/vivado/Project3-1\vivado.jou
#-----------------------------------------------------------
start_gui
open_project D:/CODES/vivado/Project3-1/Project3-1.xpr
update_compile_order -fileset sources_1
set_property SOURCE_SET sources_1 [get_filesets sim_1]
close [ open D:/CODES/vivado/Project3-1/Project3-1.srcs/sim_1/new/design_1_sim_2.v w ]
add_files -fileset sim_1 D:/CODES/vivado/Project3-1/Project3-1.srcs/sim_1/new/design_1_sim_2.v
update_compile_order -fileset sim_1
# Disabling source management mode.  This is to allow the top design properties to be set without GUI intervention.
set_property source_mgmt_mode None [current_project]
set_property top design_1_sim_2 [get_filesets sim_1]
set_property top_lib xil_defaultlib [get_filesets sim_1]
# Re-enabling previously disabled source management mode.
set_property source_mgmt_mode All [current_project]
update_compile_order -fileset sim_1
launch_simulation
source design_1_sim_2.tcl
close_sim
launch_simulation
source design_1_sim_2.tcl
close_sim
close_project
open_project D:/CODES/vivado/Project3-2/Project3-2.xpr
update_compile_order -fileset sources_1
set_property SOURCE_SET sources_1 [get_filesets sim_1]
close [ open D:/CODES/vivado/Project3-2/Project3-2.srcs/sim_1/new/design_1_sim_2.v w ]
add_files -fileset sim_1 D:/CODES/vivado/Project3-2/Project3-2.srcs/sim_1/new/design_1_sim_2.v
update_compile_order -fileset sim_1
# Disabling source management mode.  This is to allow the top design properties to be set without GUI intervention.
set_property source_mgmt_mode None [current_project]
set_property top design_1_sim_2 [get_filesets sim_1]
set_property top_lib xil_defaultlib [get_filesets sim_1]
# Re-enabling previously disabled source management mode.
set_property source_mgmt_mode All [current_project]
update_compile_order -fileset sim_1
launch_simulation
source design_1_sim_2.tcl
close_sim
close_project
open_project D:/CODES/vivado/Project3-3/Project3-3.xpr
update_compile_order -fileset sources_1
set_property SOURCE_SET sources_1 [get_filesets sim_1]
close [ open D:/CODES/vivado/Project3-3/Project3-3.srcs/sim_1/new/design_1_sim_2.v w ]
add_files -fileset sim_1 D:/CODES/vivado/Project3-3/Project3-3.srcs/sim_1/new/design_1_sim_2.v
update_compile_order -fileset sim_1
export_ip_user_files -of_objects  [get_files D:/CODES/vivado/Project3-3/Project3-3.srcs/sim_1/new/design_1_sim_2.v] -no_script -reset -force -quiet
remove_files  -fileset sim_1 D:/CODES/vivado/Project3-3/Project3-3.srcs/sim_1/new/design_1_sim_2.v
file delete -force D:/CODES/vivado/Project3-3/Project3-3.srcs/sim_1/new/design_1_sim_2.v
launch_simulation
source design_sim_2.tcl
close_sim
