#-----------------------------------------------------------
# Vivado v2018.3 (64-bit)
# SW Build 2405991 on Thu Dec  6 23:38:27 MST 2018
# IP Build 2404404 on Fri Dec  7 01:43:56 MST 2018
# Start of session at: Thu Dec  2 15:47:51 2021
# Process ID: 11556
# Current directory: D:/CODES/vivado/Project14-3
# Command line: vivado.exe -gui_launcher_event rodinguilauncherevent26304 D:\CODES\vivado\Project14-3\Project14-3.xpr
# Log file: D:/CODES/vivado/Project14-3/vivado.log
# Journal file: D:/CODES/vivado/Project14-3\vivado.jou
#-----------------------------------------------------------
start_gui
open_project D:/CODES/vivado/Project14-3/Project14-3.xpr
update_compile_order -fileset sources_1
launch_simulation
source FIFO_tb.tcl
current_wave_config {Untitled 1}
add_wave {{/FIFO_tb/F/NUM}} 
current_wave_config {Untitled 1}
add_wave {{/FIFO_tb/F/FIFO}} 
relaunch_sim
reset_run synth_1
launch_runs synth_1 -jobs 8
wait_on_run synth_1
launch_runs impl_1 -jobs 8
wait_on_run impl_1
open_run impl_1
reset_run synth_1
launch_runs synth_1 -jobs 8
wait_on_run synth_1
launch_runs impl_1 -jobs 8
wait_on_run impl_1
refresh_design
reset_run synth_1
launch_runs synth_1 -jobs 8
wait_on_run synth_1
launch_runs impl_1 -jobs 8
wait_on_run impl_1
refresh_design
set_property IOSTANDARD LVCMOS33 [get_ports [list {an[0]}]]
set_property IOSTANDARD LVCMOS33 [get_ports [list {an[0]}]]
set_property IOSTANDARD LVCMOS33 [get_ports [list {an[1]}]]
set_property IOSTANDARD LVCMOS33 [get_ports [list {an[2]}]]
set_property IOSTANDARD LVCMOS33 [get_ports [list {an[3]}]]
set_property IOSTANDARD LVCMOS33 [get_ports [list button]]
set_property IOSTANDARD LVCMOS33 [get_ports [list clk]]
set_property IOSTANDARD LVCMOS33 [get_ports [list {data_in[0]}]]
set_property IOSTANDARD LVCMOS33 [get_ports [list {data_in[1]}]]
set_property IOSTANDARD LVCMOS33 [get_ports [list {data_in[2]}]]
set_property IOSTANDARD LVCMOS33 [get_ports [list {data_in[3]}]]
set_property IOSTANDARD LVCMOS33 [get_ports [list {display[0]}]]
set_property IOSTANDARD LVCMOS33 [get_ports [list {display[1]}]]
set_property IOSTANDARD LVCMOS33 [get_ports [list {display[2]}]]
set_property IOSTANDARD LVCMOS33 [get_ports [list {display[3]}]]
set_property IOSTANDARD LVCMOS33 [get_ports [list {display[4]}]]
set_property IOSTANDARD LVCMOS33 [get_ports [list {display[5]}]]
set_property IOSTANDARD LVCMOS33 [get_ports [list {display[6]}]]
set_property IOSTANDARD LVCMOS33 [get_ports [list empty]]
set_property IOSTANDARD LVCMOS33 [get_ports [list full]]
set_property IOSTANDARD LVCMOS33 [get_ports [list rd_en]]
set_property IOSTANDARD LVCMOS33 [get_ports [list rst]]
set_property IOSTANDARD LVCMOS33 [get_ports [list wr_en]]
set_property IOSTANDARD LVCMOS33 [get_ports [list empty]]
place_ports wr_en R2
startgroup
set_property package_pin "" [get_ports [list  {data_in[0]}]]
place_ports rst U18
endgroup
place_ports rd_en T1
place_ports full L1
place_ports empty P1
place_ports {display[6]} W7
place_ports {display[5]} W6
place_ports {display[4]} U8
place_ports {display[3]} V8
place_ports {display[2]} U5
place_ports {display[1]} V5
place_ports {display[0]} U7
place_ports {data_in[3]} U1
place_ports {data_in[2]} W2
place_ports {data_in[1]} R3
place_ports {data_in[0]} T2
place_ports clk W5
place_ports button V17
place_ports {an[3]} W4
place_ports {an[2]} V4
place_ports {an[1]} U4
place_ports {an[0]} U2
file mkdir D:/CODES/vivado/Project14-3/Project14-3.srcs/constrs_1/new
close [ open D:/CODES/vivado/Project14-3/Project14-3.srcs/constrs_1/new/FIFO_xdc.xdc w ]
add_files -fileset constrs_1 D:/CODES/vivado/Project14-3/Project14-3.srcs/constrs_1/new/FIFO_xdc.xdc
set_property target_constrs_file D:/CODES/vivado/Project14-3/Project14-3.srcs/constrs_1/new/FIFO_xdc.xdc [current_fileset -constrset]
save_constraints -force
reset_run synth_1
launch_runs synth_1 -jobs 16
wait_on_run synth_1
launch_runs impl_1 -jobs 10
wait_on_run impl_1
reset_run synth_1
launch_runs synth_1 -jobs 10
wait_on_run synth_1
launch_runs impl_1 -jobs 10
wait_on_run impl_1
reset_run synth_1
launch_runs synth_1 -jobs 10
wait_on_run synth_1
launch_runs impl_1 -jobs 10
wait_on_run impl_1
launch_runs impl_1 -to_step write_bitstream -jobs 10
wait_on_run impl_1
open_hw
connect_hw_server
open_hw_target
set_property PROGRAM.FILE {D:/CODES/vivado/Project14-3/Project14-3.runs/impl_1/top_FIFO.bit} [get_hw_devices xc7a35t_0]
current_hw_device [get_hw_devices xc7a35t_0]
refresh_hw_device -update_hw_probes false [lindex [get_hw_devices xc7a35t_0] 0]
set_property PROBES.FILE {} [get_hw_devices xc7a35t_0]
set_property FULL_PROBES.FILE {} [get_hw_devices xc7a35t_0]
set_property PROGRAM.FILE {D:/CODES/vivado/Project14-3/Project14-3.runs/impl_1/top_FIFO.bit} [get_hw_devices xc7a35t_0]
program_hw_devices [get_hw_devices xc7a35t_0]
refresh_hw_device [lindex [get_hw_devices xc7a35t_0] 0]
set_property PROBES.FILE {} [get_hw_devices xc7a35t_0]
set_property FULL_PROBES.FILE {} [get_hw_devices xc7a35t_0]
set_property PROGRAM.FILE {D:/CODES/vivado/Project14-3/Project14-3.runs/impl_1/top_FIFO.bit} [get_hw_devices xc7a35t_0]
program_hw_devices [get_hw_devices xc7a35t_0]
refresh_hw_device [lindex [get_hw_devices xc7a35t_0] 0]
set_property PROBES.FILE {} [get_hw_devices xc7a35t_0]
set_property FULL_PROBES.FILE {} [get_hw_devices xc7a35t_0]
set_property PROGRAM.FILE {D:/CODES/vivado/Project14-3/Project14-3.runs/impl_1/top_FIFO.bit} [get_hw_devices xc7a35t_0]
program_hw_devices [get_hw_devices xc7a35t_0]
refresh_hw_device [lindex [get_hw_devices xc7a35t_0] 0]
reset_run synth_1
launch_runs synth_1 -jobs 10
wait_on_run synth_1
launch_runs impl_1 -jobs 10
wait_on_run impl_1
launch_runs impl_1 -to_step write_bitstream -jobs 10
wait_on_run impl_1
set_property PROBES.FILE {} [get_hw_devices xc7a35t_0]
set_property FULL_PROBES.FILE {} [get_hw_devices xc7a35t_0]
set_property PROGRAM.FILE {D:/CODES/vivado/Project14-3/Project14-3.runs/impl_1/top_FIFO.bit} [get_hw_devices xc7a35t_0]
program_hw_devices [get_hw_devices xc7a35t_0]
refresh_hw_device [lindex [get_hw_devices xc7a35t_0] 0]
close_sim
